CodegenError: Neither function nor struct definition: ['declare', 'a', 'int']
