Error in statement: ['call', 'print', 'm']
CodegenError: Expected types: ['int'], Received: ['float']
